\BOOKMARK [1][]{section.1}{\376\377\116\000\060\001\000\040\225\356\230\230\221\315\217\360}{}% 1
\BOOKMARK [1][]{section.2}{\376\377\116\214\060\001\000\040\225\356\230\230\122\006\147\220}{}% 2
\BOOKMARK [1][]{section.3}{\376\377\116\011\060\001\000\040\140\073\117\123\122\006\147\220}{}% 3
\BOOKMARK [1][]{section.4}{\376\377\126\333\060\001\000\040\152\041\127\213\120\107\213\276}{}% 4
\BOOKMARK [1][]{section.5}{\376\377\116\224\060\001\000\040\173\046\123\367\213\364\146\016}{}% 5
\BOOKMARK [1][]{section.6}{\376\377\121\155\060\001\000\040\225\356\230\230\116\000\377\032\166\330\121\145\217\320\122\250\162\266\140\001\152\041\127\213\166\204\136\372\172\313\116\016\154\102\211\343}{}% 6
\BOOKMARK [2][]{subsection.6.1}{\376\377\0006\000.\0001\000\040\225\356\230\230\116\000\166\204\136\372\152\041\140\035\215\357}{section.6}% 7
\BOOKMARK [2][]{subsection.6.2}{\376\377\0006\000.\0002\000\040\173\111\215\335\207\272\176\277\145\271\172\013\166\204\136\372\172\313}{section.6}% 8
\BOOKMARK [2][]{subsection.6.3}{\376\377\0006\000.\0003\000\040\237\231\131\064\122\115\142\212\142\113\166\204\137\047\225\177\121\163\174\373}{section.6}% 9
\BOOKMARK [2][]{subsection.6.4}{\376\377\0006\000.\0004\000\040\122\035\131\313\211\322\0000\166\204\170\156\133\232}{section.6}% 10
\BOOKMARK [2][]{subsection.6.5}{\376\377\0006\000.\0005\000\040\166\370\220\273\142\212\142\113\220\022\143\250\152\041\127\213}{section.6}% 11
\BOOKMARK [2][]{subsection.6.6}{\376\377\0006\000.\0006\000\040\220\037\136\246\213\241\173\227}{section.6}% 12
\BOOKMARK [2][]{subsection.6.7}{\376\377\0006\000.\0007\000\040\154\102\211\343\155\101\172\013}{section.6}% 13
\BOOKMARK [2][]{subsection.6.8}{\376\377\0006\000.\0008\000\040\176\323\147\234\122\006\147\220}{section.6}% 14
\BOOKMARK [1][]{section.7}{\376\377\116\003\060\001\000\040\225\356\230\230\116\214\377\032\145\340\170\260\144\236\176\310\153\142\145\366\122\073\166\204\122\044\133\232}{}% 15
\BOOKMARK [2][]{subsection.7.1}{\376\377\0007\000.\0001\000\040\225\356\230\230\116\214\166\204\136\372\152\041\122\250\147\072}{section.7}% 16
\BOOKMARK [2][]{subsection.7.2}{\376\377\0007\000.\0002\000\040\167\351\137\142\147\177\121\363\152\041\127\213}{section.7}% 17
\BOOKMARK [2][]{subsection.7.3}{\376\377\0007\000.\0003\000\040\170\260\144\236\176\246\147\137\166\204\145\160\133\146\210\150\217\276}{section.7}% 18
\BOOKMARK [2][]{subsection.7.4}{\376\377\0007\000.\0004\000\040\116\064\165\114\145\366\122\073\116\016\123\125\214\003\140\047}{section.7}% 19
\BOOKMARK [2][]{subsection.7.5}{\376\377\0007\000.\0005\000\040\154\102\211\343\155\101\172\013}{section.7}% 20
\BOOKMARK [2][]{subsection.7.6}{\376\377\0007\000.\0006\000\040\176\323\147\234\211\343\221\312}{section.7}% 21
\BOOKMARK [2][]{subsection.7.7}{\376\377\0007\000.\0007\000\040\134\017\176\323}{section.7}% 22
\BOOKMARK [1][]{section.8}{\376\377\121\153\060\001\000\040\225\356\230\230\116\011\377\032\147\000\134\017\207\272\215\335\166\204\170\156\133\232}{}% 23
\BOOKMARK [2][]{subsection.8.1}{\376\377\0008\000.\0001\000\040\136\372\152\041\140\035\215\357}{section.8}% 24
\BOOKMARK [2][]{subsection.8.2}{\376\377\0008\000.\0002\000\040\136\372\172\313\152\041\127\213}{section.8}% 25
\BOOKMARK [2][]{subsection.8.3}{\376\377\0008\000.\0003\000\040\144\034\175\042\147\000\134\017\207\272\215\335}{section.8}% 26
\BOOKMARK [1][]{section.9}{\376\377\116\135\060\001\000\040\225\356\230\230\126\333\377\032\214\003\131\064\215\357\137\204\166\204\122\006\153\265\136\372\152\041\116\016\162\266\140\001\220\022\143\250}{}% 27
\BOOKMARK [2][]{subsection.9.1}{\376\377\0009\000.\0001\000\040\225\356\230\230\122\006\211\343}{section.9}% 28
\BOOKMARK [2][]{subsection.9.2}{\376\377\0009\000.\0002\000\040\214\003\131\064\146\362\176\277\166\204\121\340\117\125\121\163\174\373}{section.9}% 29
\BOOKMARK [2][]{subsection.9.3}{\376\377\0009\000.\0003\000\040\126\372\133\232\116\244\160\271\116\013\166\204\121\340\117\125\121\163\174\373\213\301\146\016}{section.9}% 30
\BOOKMARK [2][]{subsection.9.4}{\376\377\0009\000.\0004\000\040\215\357\137\204\123\302\145\160\116\016\154\102\211\343\155\101\172\013}{section.9}% 31
\BOOKMARK [2][]{subsection.9.5}{\376\377\0009\000.\0005\000\040\162\266\140\001\220\022\143\250\116\016\176\323\147\234}{section.9}% 32
\BOOKMARK [2][]{subsection.9.6}{\376\377\0009\000.\0006\000\040\134\017\176\323}{section.9}% 33
\BOOKMARK [1][]{section.10}{\376\377\123\101\060\001\000\040\225\356\230\230\116\224\377\032\147\000\131\047\140\122\133\232\220\037\136\246\166\204\154\102\211\343}{}% 34
\BOOKMARK [2][]{subsection.10.1}{\376\377\0001\0000\000.\0001\000\040\152\041\127\213\136\372\172\313}{section.10}% 35
\BOOKMARK [2][]{subsection.10.2}{\376\377\0001\0000\000.\0002\000\040\220\037\136\246\220\022\143\250\116\016\176\246\147\137\217\154\123\026}{section.10}% 36
\BOOKMARK [2][]{subsection.10.3}{\376\377\0001\0000\000.\0003\000\040\154\102\211\343\217\307\172\013}{section.10}% 37
\BOOKMARK [2][]{subsection.10.4}{\376\377\0001\0000\000.\0004\000\040\176\323\147\234\122\006\147\220}{section.10}% 38
\BOOKMARK [2][]{subsection.10.5}{\376\377\0001\0000\000.\0005\000\040\134\017\176\323}{section.10}% 39
\BOOKMARK [1][]{section.11}{\376\377\123\101\116\000\060\001\000\040\176\323\147\234\213\250\213\272}{}% 40
\BOOKMARK [1][]{section.12}{\376\377\123\101\116\214\060\001\000\040\176\323\213\272}{}% 41
\BOOKMARK [1][]{section*.25}{\376\377\123\302\200\003\145\207\163\056}{}% 42
\BOOKMARK [1][]{appendix.a.A}{\376\377\226\104\137\125\000\040\000A\000\040\116\073\211\201\172\013\136\217\156\005\123\125}{}% 43
\BOOKMARK [1][]{appendix.a.B}{\376\377\226\104\137\125\000\040\000B\000\040\116\073\211\201\116\343\170\001}{}% 44
\BOOKMARK [2][]{subsection.a.B.1}{\376\377\0002\000.\0001\000\040\217\320\122\250\220\022\143\250\116\016\225\356\230\230\116\000\210\150\150\074\172\013\136\217}{appendix.a.B}% 45
\BOOKMARK [2][]{subsection.a.B.2}{\376\377\0002\000.\0002\000\040\170\260\144\236\144\034\175\042\116\016\225\356\230\230\116\214\210\150\150\074\172\013\136\217}{appendix.a.B}% 46
\BOOKMARK [2][]{subsection.a.B.3}{\376\377\0002\000.\0003\000\040\207\272\215\335\144\034\175\042\172\013\136\217}{appendix.a.B}% 47
\BOOKMARK [2][]{subsection.a.B.4}{\376\377\0002\000.\0004\000\040\214\003\131\064\215\357\137\204\116\016\220\037\136\246\176\246\147\137\172\013\136\217}{appendix.a.B}% 48
\BOOKMARK [2][]{subsection.a.B.5}{\376\377\0002\000.\0005\000\040\210\145\121\105\123\302\200\003\172\013\136\217}{appendix.a.B}% 49
